[2026-02-03T06:16:24.394Z] Incoming: 918903162114 | Body: Hi | Image: false
[2026-02-03T06:16:24.429Z] Current CleanBody: HI
[2026-02-03T06:16:24.453Z] Smart Payment Check: 918903162114 | Hi
[2026-02-03T06:16:26.851Z] No tenant found for smart payment: 918903162114
[2026-02-03T06:16:31.076Z] Attempting to send message to 918903162114
[2026-02-03T06:16:31.699Z] Message sent successfully to 918903162114. Response ID: wamid.HBgMOTE4OTAzMTYyMTE0FQIAERgSQkE0QjlFMERDMzdBNjQxNEMyAA==
[2026-02-03T06:16:40.277Z] Incoming: 918903162114 | Body: JOIN | Image: false
[2026-02-03T06:16:40.282Z] Current CleanBody: JOIN
[2026-02-03T06:16:40.284Z] Smart Payment Check: 918903162114 | JOIN
[2026-02-03T06:16:41.249Z] No tenant found for smart payment: 918903162114
[2026-02-03T06:16:44.523Z] Attempting to send message to 918903162114
[2026-02-03T06:16:45.203Z] Message sent successfully to 918903162114. Response ID: wamid.HBgMOTE4OTAzMTYyMTE0FQIAERgSRTU2MjExRDE3MzBBQUJFRENFAA==
[2026-02-03T06:16:49.764Z] Incoming: 918903162114 | Body: Hari | Image: false
[2026-02-03T06:16:49.767Z] Current CleanBody: HARI
[2026-02-03T06:16:49.769Z] User 918903162114 is in state: {"step":"NAME"}
[2026-02-03T06:16:49.772Z] Attempting to send message to 918903162114
[2026-02-03T06:16:51.114Z] Message sent successfully to 918903162114. Response ID: wamid.HBgMOTE4OTAzMTYyMTE0FQIAERgSMzI0NzBDQkM2Q0MyRTc5NDhEAA==
[2026-02-03T06:16:59.451Z] Incoming: 918903162114 | Body: 89021122182 | Image: false
[2026-02-03T06:16:59.455Z] Current CleanBody: 89021122182
[2026-02-03T06:16:59.457Z] User 918903162114 is in state: {"step":"PHONE_NUMBER","name":"Hari"}
[2026-02-03T06:16:59.460Z] Attempting to send message to 918903162114
[2026-02-03T06:17:00.639Z] Message sent successfully to 918903162114. Response ID: wamid.HBgMOTE4OTAzMTYyMTE0FQIAERgSRUVGREI2MzZENTEyNjFCODk4AA==
[2026-02-03T06:17:05.472Z] Incoming: 918903162114 | Body: G1 | Image: false
[2026-02-03T06:17:05.477Z] Current CleanBody: G1
[2026-02-03T06:17:05.479Z] User 918903162114 is in state: {"step":"ROOM","name":"Hari","userPhone":"89021122182"}
[2026-02-03T06:17:05.483Z] Attempting to send message to 918903162114
[2026-02-03T06:17:06.268Z] Message sent successfully to 918903162114. Response ID: wamid.HBgMOTE4OTAzMTYyMTE0FQIAERgSQjQyRjk5QUQyRkVCODRGNUNBAA==
[2026-02-03T06:17:13.099Z] Incoming: 918903162114 | Body: 4 | Image: false
[2026-02-03T06:17:13.103Z] Current CleanBody: 4
[2026-02-03T06:17:13.105Z] User 918903162114 is in state: {"step":"SHARING_TYPE","name":"Hari","userPhone":"89021122182","room":"G1"}
[2026-02-03T06:17:13.108Z] Attempting to send message to 918903162114
[2026-02-03T06:17:14.194Z] Message sent successfully to 918903162114. Response ID: wamid.HBgMOTE4OTAzMTYyMTE0FQIAERgSMTc3NzlGMzg3Qzg2MEEzNTE4AA==
[2026-02-03T06:17:19.793Z] Incoming: 918903162114 | Body: 3500 | Image: false
[2026-02-03T06:17:19.794Z] Current CleanBody: 3500
[2026-02-03T06:17:19.795Z] User 918903162114 is in state: {"step":"ADVANCE","name":"Hari","userPhone":"89021122182","room":"G1","sharingType":"Four Sharing","monthlyRent":6500}
[2026-02-03T06:17:19.796Z] Attempting to send message to 918903162114
[2026-02-03T06:17:21.321Z] Message sent successfully to 918903162114. Response ID: wamid.HBgMOTE4OTAzMTYyMTE0FQIAERgSOEI2NzQ2MUI0Qjg2NkQzQzBBAA==
[2026-02-03T06:17:30.561Z] Incoming: 918903162114 | Body:  | Image: true
[2026-02-03T06:17:30.564Z] Current CleanBody: 
[2026-02-03T06:17:30.567Z] User 918903162114 is in state: {"step":"AADHAAR_UPLOAD","name":"Hari","userPhone":"89021122182","room":"G1","sharingType":"Four Sharing","monthlyRent":6500,"advance":"3500"}
[2026-02-03T06:17:31.773Z] Incoming: 918903162114 | Body:  | Image: true
[2026-02-03T06:17:31.776Z] Current CleanBody: 
[2026-02-03T06:17:31.779Z] User 918903162114 is in state: {"step":"AADHAAR_UPLOAD","name":"Hari","userPhone":"89021122182","room":"G1","sharingType":"Four Sharing","monthlyRent":6500,"advance":"3500"}
[2026-02-03T06:17:32.965Z] Incoming: 918903162114 | Body:  | Image: true
[2026-02-03T06:17:32.969Z] Current CleanBody: 
[2026-02-03T06:17:32.974Z] User 918903162114 is in state: {"step":"AADHAAR_UPLOAD","name":"Hari","userPhone":"89021122182","room":"G1","sharingType":"Four Sharing","monthlyRent":6500,"advance":"3500"}
[2026-02-03T06:17:34.300Z] Incoming: 918903162114 | Body:  | Image: true
[2026-02-03T06:17:34.303Z] Current CleanBody: 
[2026-02-03T06:17:34.304Z] User 918903162114 is in state: {"step":"AADHAAR_UPLOAD","name":"Hari","userPhone":"89021122182","room":"G1","sharingType":"Four Sharing","monthlyRent":6500,"advance":"3500"}
[2026-02-03T06:17:57.115Z] Incoming: 918903162114 | Body:  | Image: true
[2026-02-03T06:17:57.117Z] Current CleanBody: 
[2026-02-03T06:17:57.118Z] User 918903162114 is in state: {"step":"AADHAAR_UPLOAD","name":"Hari","userPhone":"89021122182","room":"G1","sharingType":"Four Sharing","monthlyRent":6500,"advance":"3500"}
[2026-02-03T06:21:14.100Z] Incoming: 918903162114 | Body: Hi | Image: false
[2026-02-03T06:21:14.121Z] Current CleanBody: HI
[2026-02-03T06:21:14.123Z] Smart Payment Check: 918903162114 | Hi
[2026-02-03T06:21:15.883Z] No tenant found for smart payment: 918903162114
[2026-02-03T06:21:18.612Z] Attempting to send message to 918903162114
[2026-02-03T06:21:19.204Z] Message sent successfully to 918903162114. Response ID: wamid.HBgMOTE4OTAzMTYyMTE0FQIAERgSNDMwQ0Q5NUFGMDVCMEJENDExAA==
[2026-02-03T06:21:22.192Z] Incoming: 918903162114 | Body:  | Image: true
[2026-02-03T06:21:22.219Z] Current CleanBody: 
[2026-02-03T06:21:22.221Z] Smart Payment Check: 918903162114 | 
[2026-02-03T06:21:22.788Z] No tenant found for smart payment: 918903162114
[2026-02-03T06:21:23.205Z] Attempting to send message to 918903162114
[2026-02-03T06:21:23.812Z] Message sent successfully to 918903162114. Response ID: wamid.HBgMOTE4OTAzMTYyMTE0FQIAERgSNjA3NTZGMDQ1QTIxRDkwQzg0AA==
[2026-02-03T06:21:26.655Z] Incoming: 918903162114 | Body: JOIN | Image: false
[2026-02-03T06:21:26.659Z] Current CleanBody: JOIN
[2026-02-03T06:21:26.660Z] Smart Payment Check: 918903162114 | JOIN
[2026-02-03T06:21:27.139Z] No tenant found for smart payment: 918903162114
[2026-02-03T06:21:29.748Z] Attempting to send message to 918903162114
[2026-02-03T06:21:30.265Z] Message sent successfully to 918903162114. Response ID: wamid.HBgMOTE4OTAzMTYyMTE0FQIAERgSRjIwMzVEMUI5OTlCQzlGMzIyAA==
[2026-02-03T06:21:36.426Z] Incoming: 918903162114 | Body: Gowthaaman | Image: false
[2026-02-03T06:21:36.429Z] Current CleanBody: GOWTHAAMAN
[2026-02-03T06:21:36.430Z] User 918903162114 is in state: {"step":"NAME"}
[2026-02-03T06:21:36.434Z] Attempting to send message to 918903162114
[2026-02-03T06:21:36.993Z] Message sent successfully to 918903162114. Response ID: wamid.HBgMOTE4OTAzMTYyMTE0FQIAERgSODAxRDRDNzMyRTFFN0JBOTU3AA==
[2026-02-03T06:21:44.731Z] Incoming: 918903162114 | Body: 8977362261 | Image: false
[2026-02-03T06:21:44.735Z] Current CleanBody: 8977362261
[2026-02-03T06:21:44.738Z] User 918903162114 is in state: {"step":"PHONE_NUMBER","name":"Gowthaaman"}
[2026-02-03T06:21:44.740Z] Attempting to send message to 918903162114
[2026-02-03T06:21:45.267Z] Message sent successfully to 918903162114. Response ID: wamid.HBgMOTE4OTAzMTYyMTE0FQIAERgSNEE4QjJDNTlGOUFEQzg1RjBDAA==
[2026-02-03T06:21:49.522Z] Incoming: 918903162114 | Body: G1 | Image: false
[2026-02-03T06:21:49.525Z] Current CleanBody: G1
[2026-02-03T06:21:49.526Z] User 918903162114 is in state: {"step":"ROOM","name":"Gowthaaman","userPhone":"8977362261"}
[2026-02-03T06:21:49.528Z] Attempting to send message to 918903162114
[2026-02-03T06:21:50.471Z] Message sent successfully to 918903162114. Response ID: wamid.HBgMOTE4OTAzMTYyMTE0FQIAERgSRUVDM0QxMERGQjUxMUE4MjVEAA==
[2026-02-03T06:21:56.398Z] Incoming: 918903162114 | Body: 4 | Image: false
[2026-02-03T06:21:56.401Z] Current CleanBody: 4
[2026-02-03T06:21:56.403Z] User 918903162114 is in state: {"step":"SHARING_TYPE","name":"Gowthaaman","userPhone":"8977362261","room":"G1"}
[2026-02-03T06:21:56.407Z] Attempting to send message to 918903162114
[2026-02-03T06:21:57.030Z] Message sent successfully to 918903162114. Response ID: wamid.HBgMOTE4OTAzMTYyMTE0FQIAERgSRkJDMUU5RUMzNTU5QjNGRUI0AA==
[2026-02-03T06:22:01.639Z] Incoming: 918903162114 | Body: 3500 | Image: false
[2026-02-03T06:22:01.643Z] Current CleanBody: 3500
[2026-02-03T06:22:01.645Z] User 918903162114 is in state: {"step":"ADVANCE","name":"Gowthaaman","userPhone":"8977362261","room":"G1","sharingType":"Four Sharing","monthlyRent":6500}
[2026-02-03T06:22:01.648Z] Attempting to send message to 918903162114
[2026-02-03T06:22:02.220Z] Message sent successfully to 918903162114. Response ID: wamid.HBgMOTE4OTAzMTYyMTE0FQIAERgSMDdCOTk4MjhGM0MzMTlFMUQ5AA==
[2026-02-03T06:22:09.244Z] Incoming: 918903162114 | Body:  | Image: true
[2026-02-03T06:22:09.248Z] Current CleanBody: 
[2026-02-03T06:22:09.250Z] User 918903162114 is in state: {"step":"AADHAAR_UPLOAD","name":"Gowthaaman","userPhone":"8977362261","room":"G1","sharingType":"Four Sharing","monthlyRent":6500,"advance":"3500"}
[2026-02-03T06:22:13.165Z] Attempting to send message to 918903162114
[2026-02-03T06:22:13.676Z] Message sent successfully to 918903162114. Response ID: wamid.HBgMOTE4OTAzMTYyMTE0FQIAERgSMjFCNTFBMENDOUI1RDA5RkY3AA==
[2026-02-03T06:22:13.681Z] Attempting to send message to 918903162114
[2026-02-03T06:22:14.189Z] Message sent successfully to 918903162114. Response ID: wamid.HBgMOTE4OTAzMTYyMTE0FQIAERgSNTdGQzA4MDdDNUM2MDFCNDlEAA==
[2026-02-03T06:35:18.134Z] Incoming: 918903162114 | Body: hi | Image: false
[2026-02-03T06:35:18.180Z] Current CleanBody: HI
[2026-02-03T06:35:18.182Z] Smart Payment Check: 918903162114 | hi
[2026-02-03T06:35:18.729Z] No tenant found for smart payment: 918903162114
[2026-02-03T06:35:21.478Z] Attempting to send message to 918903162114
[2026-02-03T06:35:21.999Z] Message sent successfully to 918903162114. Response ID: wamid.HBgMOTE4OTAzMTYyMTE0FQIAERgSOTMxMzM4NDUzQzg0NkFEMzBFAA==
[2026-02-03T06:36:31.254Z] Incoming: 918903162114 | Body: RENT | Image: false
[2026-02-03T06:36:31.258Z] Current CleanBody: RENT
[2026-02-03T06:36:31.260Z] Smart Payment Check: 918903162114 | RENT
[2026-02-03T06:36:32.002Z] No tenant found for smart payment: 918903162114
[2026-02-03T06:36:32.445Z] Attempting to send message to 918903162114
[2026-02-03T06:36:33.059Z] Message sent successfully to 918903162114. Response ID: wamid.HBgMOTE4OTAzMTYyMTE0FQIAERgSRkQ4OTU1MEU5NkRFMTg2MjM4AA==
[2026-02-03T06:45:51.245Z] Attempting to send message to 8977362261
[2026-02-03T06:45:51.692Z] Error sending message to 8977362261: {"error":{"message":"(#131030) Recipient phone number not in allowed list","type":"OAuthException","code":131030,"error_data":{"messaging_product":"whatsapp","details":"Recipient phone number not in allowed list: Add recipient phone number to recipient list and try again."},"fbtrace_id":"AKXh8x0N0rgBESQnNCp3ooL"}}
[2026-02-03T06:46:22.696Z] Attempting to send message to 918903162114
[2026-02-03T06:46:23.283Z] Message sent successfully to 918903162114. Response ID: wamid.HBgMOTE4OTAzMTYyMTE0FQIAERgSQTg2MTVCNUFFM0VBNTJCQjFFAA==
[2026-02-03T06:46:40.799Z] Attempting to send message to 8977362261
[2026-02-03T06:46:41.198Z] Error sending message to 8977362261: {"error":{"message":"(#131030) Recipient phone number not in allowed list","type":"OAuthException","code":131030,"error_data":{"messaging_product":"whatsapp","details":"Recipient phone number not in allowed list: Add recipient phone number to recipient list and try again."},"fbtrace_id":"A23oQ655DBd1WZc9z3VUV5k"}}
[2026-02-03T06:50:13.706Z] Attempting to send message to 8977362261
[2026-02-03T06:50:14.154Z] Error sending message to 8977362261: {"error":{"message":"(#131030) Recipient phone number not in allowed list","type":"OAuthException","code":131030,"error_data":{"messaging_product":"whatsapp","details":"Recipient phone number not in allowed list: Add recipient phone number to recipient list and try again."},"fbtrace_id":"A1od8r5QEswJWlJ8PTpxnwF"}}
[2026-02-03T06:50:41.126Z] Attempting to send message to 8977362261
[2026-02-03T06:50:41.638Z] Error sending message to 8977362261: {"error":{"message":"(#131030) Recipient phone number not in allowed list","type":"OAuthException","code":131030,"error_data":{"messaging_product":"whatsapp","details":"Recipient phone number not in allowed list: Add recipient phone number to recipient list and try again."},"fbtrace_id":"A4Onqu2o0RhHey8Rt1BvpeL"}}
[2026-02-03T06:54:35.233Z] Attempting to send message to 8977362261
[2026-02-03T06:54:35.805Z] Error sending message to 8977362261: {"error":{"message":"(#131030) Recipient phone number not in allowed list","type":"OAuthException","code":131030,"error_data":{"messaging_product":"whatsapp","details":"Recipient phone number not in allowed list: Add recipient phone number to recipient list and try again."},"fbtrace_id":"ATmuPuJ1bOHPelavslAkWu1"}}
[2026-02-03T06:56:10.900Z] Attempting to send message to 918903162114
[2026-02-03T06:56:11.532Z] Message sent successfully to 918903162114. Response ID: wamid.HBgMOTE4OTAzMTYyMTE0FQIAERgSRENBRTUwNEM5ODQ1MjhGMjQ4AA==
[2026-02-03T06:56:43.174Z] Incoming: 918903162114 | Body: Paid | Image: false
[2026-02-03T06:56:43.226Z] Current CleanBody: PAID
[2026-02-03T06:56:43.230Z] Smart Payment Check: 918903162114 | Paid
[2026-02-03T06:56:43.828Z] No tenant found for smart payment: 918903162114
[2026-02-03T06:56:43.831Z] Attempting to send message to 918903162114
[2026-02-03T06:56:44.448Z] Message sent successfully to 918903162114. Response ID: wamid.HBgMOTE4OTAzMTYyMTE0FQIAERgSNEU4NDk2N0MxMTlCOUM3OTg4AA==
[2026-02-03T06:56:55.421Z] Incoming: 918903162114 | Body: 45433343353 | Image: false
[2026-02-03T06:56:55.427Z] Current CleanBody: 45433343353
[2026-02-03T06:56:55.429Z] User 918903162114 is in state: {"step":"PAYMENT_PROOF"}
[2026-02-03T06:56:59.084Z] Attempting to send message to 918903162114
[2026-02-03T06:56:59.692Z] Message sent successfully to 918903162114. Response ID: wamid.HBgMOTE4OTAzMTYyMTE0FQIAERgSRDYxMzE2NzkxMkRDQUY1QkNEAA==
[2026-02-03T06:58:10.073Z] Incoming: 918903162114 | Body: STATUS | Image: false
[2026-02-03T06:58:10.079Z] Current CleanBody: STATUS
[2026-02-03T06:58:10.081Z] Smart Payment Check: 918903162114 | STATUS
[2026-02-03T06:58:10.671Z] No tenant found for smart payment: 918903162114
[2026-02-03T07:04:06.258Z] Incoming: 918903162114 | Body: JOIN | Image: false
[2026-02-03T07:04:06.300Z] Current CleanBody: JOIN
[2026-02-03T07:04:06.303Z] Smart Payment Check: 918903162114 | JOIN
[2026-02-03T07:04:06.884Z] No tenant found for smart payment: 918903162114
[2026-02-03T07:04:09.896Z] Attempting to send message to 918903162114
[2026-02-03T07:04:10.604Z] Message sent successfully to 918903162114. Response ID: wamid.HBgMOTE4OTAzMTYyMTE0FQIAERgSOUEyQ0E4NjVEQUEwRTE0RkQ4AA==
[2026-02-03T07:04:17.071Z] Incoming: 918903162114 | Body: Perivi | Image: false
[2026-02-03T07:04:17.076Z] Current CleanBody: PERIVI
[2026-02-03T07:04:17.078Z] User 918903162114 is in state: {"step":"NAME"}
[2026-02-03T07:04:17.081Z] Attempting to send message to 918903162114
[2026-02-03T07:04:17.628Z] Message sent successfully to 918903162114. Response ID: wamid.HBgMOTE4OTAzMTYyMTE0FQIAERgSOTQyNEU4OTlGMzIzNUU0NEQ3AA==
[2026-02-03T07:06:03.830Z] Incoming: 918903162114 | Body: 81068 11285 | Image: false
[2026-02-03T07:06:03.853Z] Current CleanBody: 81068 11285
[2026-02-03T07:06:03.854Z] User 918903162114 is in state: {"step":"PHONE_NUMBER","name":"Perivi"}
[2026-02-03T07:06:03.859Z] Attempting to send message to 918903162114
[2026-02-03T07:06:04.733Z] Message sent successfully to 918903162114. Response ID: wamid.HBgMOTE4OTAzMTYyMTE0FQIAERgSQzY3MjUxOEE2Mzc0NjhFRDQ0AA==
[2026-02-03T07:06:09.668Z] Incoming: 918903162114 | Body: G1 | Image: false
[2026-02-03T07:06:09.672Z] Current CleanBody: G1
[2026-02-03T07:06:09.674Z] User 918903162114 is in state: {"step":"ROOM","name":"Perivi","userPhone":"81068 11285"}
[2026-02-03T07:06:09.676Z] Attempting to send message to 918903162114
[2026-02-03T07:06:10.256Z] Message sent successfully to 918903162114. Response ID: wamid.HBgMOTE4OTAzMTYyMTE0FQIAERgSNjM2Njc0RTg5QTk1OUJCMDREAA==
[2026-02-03T07:06:14.376Z] Incoming: 918903162114 | Body: 4 | Image: false
[2026-02-03T07:06:14.380Z] Current CleanBody: 4
[2026-02-03T07:06:14.382Z] User 918903162114 is in state: {"step":"SHARING_TYPE","name":"Perivi","userPhone":"81068 11285","room":"G1"}
[2026-02-03T07:06:14.385Z] Attempting to send message to 918903162114
[2026-02-03T07:06:15.007Z] Message sent successfully to 918903162114. Response ID: wamid.HBgMOTE4OTAzMTYyMTE0FQIAERgSMEEwMEEyMDZBMEZGRTQ2RDY2AA==
[2026-02-03T07:06:19.533Z] Incoming: 918903162114 | Body: 3500 | Image: false
[2026-02-03T07:06:19.536Z] Current CleanBody: 3500
[2026-02-03T07:06:19.546Z] User 918903162114 is in state: {"step":"ADVANCE","name":"Perivi","userPhone":"81068 11285","room":"G1","sharingType":"Four Sharing","monthlyRent":6500}
[2026-02-03T07:06:19.549Z] Attempting to send message to 918903162114
[2026-02-03T07:06:20.140Z] Message sent successfully to 918903162114. Response ID: wamid.HBgMOTE4OTAzMTYyMTE0FQIAERgSMzJENjAxMUNFNjM4NzRCNTY0AA==
[2026-02-03T07:06:42.588Z] Incoming: 918903162114 | Body:  | Image: true
[2026-02-03T07:06:42.594Z] Current CleanBody: 
[2026-02-03T07:06:42.597Z] User 918903162114 is in state: {"step":"AADHAAR_UPLOAD","name":"Perivi","userPhone":"81068 11285","room":"G1","sharingType":"Four Sharing","monthlyRent":6500,"advance":"3500"}
[2026-02-03T07:06:46.357Z] Attempting to send message to 918903162114
[2026-02-03T07:06:46.869Z] Message sent successfully to 918903162114. Response ID: wamid.HBgMOTE4OTAzMTYyMTE0FQIAERgSODM2MzEwOTIwMDNGMjVFNzhCAA==
[2026-02-03T07:06:46.872Z] Attempting to send message to 918903162114
[2026-02-03T07:06:47.388Z] Message sent successfully to 918903162114. Response ID: wamid.HBgMOTE4OTAzMTYyMTE0FQIAERgSMzAyOTJFMDcyOUZCRTU0MEExAA==
[2026-02-03T07:09:33.710Z] Incoming: 918903162114 | Body: hi | Image: false
[2026-02-03T07:09:33.724Z] Current CleanBody: HI
[2026-02-03T07:09:33.726Z] Smart Payment Check: 918903162114 | hi
[2026-02-03T07:09:34.516Z] No tenant found for smart payment: 918903162114
[2026-02-03T07:09:35.490Z] Attempting to send message to 918106811285
[2026-02-03T07:09:35.967Z] Error sending message to 918106811285: {"error":{"message":"(#131030) Recipient phone number not in allowed list","type":"OAuthException","code":131030,"error_data":{"messaging_product":"whatsapp","details":"Recipient phone number not in allowed list: Add recipient phone number to recipient list and try again."},"fbtrace_id":"Adlzskk-VQk0RvDmHCuDpsy"}}
[2026-02-03T07:09:37.695Z] Attempting to send message to 918903162114
[2026-02-03T07:09:38.191Z] Message sent successfully to 918903162114. Response ID: wamid.HBgMOTE4OTAzMTYyMTE0FQIAERgSQUFFMTE2QjFCRTVDRDk2RENBAA==
[2026-02-03T07:10:16.909Z] Attempting to send message to 918106811285
[2026-02-03T07:10:17.278Z] Error sending message to 918106811285: {"error":{"message":"(#131030) Recipient phone number not in allowed list","type":"OAuthException","code":131030,"error_data":{"messaging_product":"whatsapp","details":"Recipient phone number not in allowed list: Add recipient phone number to recipient list and try again."},"fbtrace_id":"Af3L4wF-QWnKFKp4pTiXg8W"}}
[2026-02-03T07:10:25.605Z] Attempting to send message to 918106811285
[2026-02-03T07:10:26.012Z] Error sending message to 918106811285: {"error":{"message":"(#131030) Recipient phone number not in allowed list","type":"OAuthException","code":131030,"error_data":{"messaging_product":"whatsapp","details":"Recipient phone number not in allowed list: Add recipient phone number to recipient list and try again."},"fbtrace_id":"AOREx-PIsuaL3k7jEcrX5db"}}
[2026-02-03T07:12:20.188Z] Attempting to send message to 918106811285
[2026-02-03T07:12:21.310Z] Message sent successfully to 918106811285. Response ID: wamid.HBgMOTE4MTA2ODExMjg1FQIAERgSNjM1MDNCRDc4REJCQTk4NTMwAA==
[2026-02-03T07:12:26.444Z] Attempting to send message to 918106811285
[2026-02-03T07:12:27.301Z] Message sent successfully to 918106811285. Response ID: wamid.HBgMOTE4MTA2ODExMjg1FQIAERgSNDI1RTlFOUUwRUQzRjkyNTExAA==
[2026-02-03T07:13:33.528Z] Incoming: 918106811285 | Body: hii | Image: false
[2026-02-03T07:13:33.532Z] Current CleanBody: HII
[2026-02-03T07:13:33.535Z] Smart Payment Check: 918106811285 | hii
[2026-02-03T07:13:34.123Z] No tenant found for smart payment: 918106811285
[2026-02-03T07:13:34.536Z] Attempting to send message to 918106811285
[2026-02-03T07:13:35.324Z] Message sent successfully to 918106811285. Response ID: wamid.HBgMOTE4MTA2ODExMjg1FQIAERgSNjZBMzMyMzAxQjZBREUwMTQ2AA==
[2026-02-03T07:13:36.415Z] Attempting to send message to 918106811285
[2026-02-03T07:13:37.109Z] Message sent successfully to 918106811285. Response ID: wamid.HBgMOTE4MTA2ODExMjg1FQIAERgSOEJDNDdBODRBMkQzMEI4RDUwAA==
[2026-02-03T07:31:13.860Z] Incoming: 918903162114 | Body: hi | Image: false
[2026-02-03T07:31:13.909Z] Current CleanBody: HI
[2026-02-03T07:31:13.911Z] Smart Payment Check: 918903162114 | hi
[2026-02-03T07:31:14.513Z] No tenant found for smart payment: 918903162114
[2026-02-03T07:31:17.534Z] Attempting to send message to 918903162114
[2026-02-03T07:31:18.009Z] Message sent successfully to 918903162114. Response ID: wamid.HBgMOTE4OTAzMTYyMTE0FQIAERgSMzk1NUYyNzJCQzRCODIxOTU4AA==
[2026-02-03T07:33:54.397Z] Attempting to send message to 918106811285
[2026-02-03T07:33:55.228Z] Message sent successfully to 918106811285. Response ID: wamid.HBgMOTE4MTA2ODExMjg1FQIAERgSQzcxRTEzQzZCQzI2OTk5QjIzAA==
[2026-02-03T07:45:48.904Z] Incoming: 918903162114 | Body: JOIN | Image: false
[2026-02-03T07:45:49.075Z] Current CleanBody: JOIN
[2026-02-03T07:45:49.080Z] Smart Payment Check: 918903162114 | JOIN
[2026-02-03T07:45:49.732Z] No tenant found for smart payment: 918903162114
[2026-02-03T07:45:52.487Z] Attempting to send message to 918903162114
[2026-02-03T07:45:52.989Z] Message sent successfully to 918903162114. Response ID: wamid.HBgMOTE4OTAzMTYyMTE0FQIAERgSMTRENkZDN0RFNjM1M0ZCOUU1AA==
[2026-02-03T07:46:03.037Z] Incoming: 918903162114 | Body: FAITH | Image: false
[2026-02-03T07:46:03.041Z] Current CleanBody: FAITH
[2026-02-03T07:46:03.044Z] User 918903162114 is in state: {"step":"NAME"}
[2026-02-03T07:46:03.050Z] Attempting to send message to 918903162114
[2026-02-03T07:46:03.580Z] Message sent successfully to 918903162114. Response ID: wamid.HBgMOTE4OTAzMTYyMTE0FQIAERgSM0NFQUE0MUVDRTI0ODUzQTU0AA==
[2026-02-03T07:46:09.406Z] Incoming: 918903162114 | Body: 9877663632 | Image: false
[2026-02-03T07:46:09.412Z] Current CleanBody: 9877663632
[2026-02-03T07:46:09.415Z] User 918903162114 is in state: {"step":"PHONE_NUMBER","name":"FAITH"}
[2026-02-03T07:46:09.418Z] Attempting to send message to 918903162114
[2026-02-03T07:46:10.091Z] Message sent successfully to 918903162114. Response ID: wamid.HBgMOTE4OTAzMTYyMTE0FQIAERgSNDc4RDEzOEVDQTVDRjZEOTFEAA==
[2026-02-03T07:46:28.034Z] Incoming: 918903162114 | Body: G1 | Image: false
[2026-02-03T07:46:28.038Z] Current CleanBody: G1
[2026-02-03T07:46:28.040Z] User 918903162114 is in state: {"step":"ROOM","name":"FAITH","userPhone":"9877663632"}
[2026-02-03T07:46:28.042Z] Attempting to send message to 918903162114
[2026-02-03T07:46:29.611Z] Message sent successfully to 918903162114. Response ID: wamid.HBgMOTE4OTAzMTYyMTE0FQIAERgSOTUyNzA2OUEyRjkxOUQzODgxAA==
[2026-02-03T07:46:33.464Z] Incoming: 918903162114 | Body: 4 | Image: false
[2026-02-03T07:46:33.468Z] Current CleanBody: 4
[2026-02-03T07:46:33.470Z] User 918903162114 is in state: {"step":"SHARING_TYPE","name":"FAITH","userPhone":"9877663632","room":"G1"}
[2026-02-03T07:46:33.472Z] Attempting to send message to 918903162114
[2026-02-03T07:46:34.054Z] Message sent successfully to 918903162114. Response ID: wamid.HBgMOTE4OTAzMTYyMTE0FQIAERgSNDk4Q0JBMjUyNjY2QjI0N0M1AA==
[2026-02-03T07:46:38.815Z] Incoming: 918903162114 | Body: 3500 | Image: false
[2026-02-03T07:46:38.819Z] Current CleanBody: 3500
[2026-02-03T07:46:38.823Z] User 918903162114 is in state: {"step":"ADVANCE","name":"FAITH","userPhone":"9877663632","room":"G1","sharingType":"Four Sharing","monthlyRent":6500}
[2026-02-03T07:46:38.826Z] Attempting to send message to 918903162114
[2026-02-03T07:46:39.481Z] Message sent successfully to 918903162114. Response ID: wamid.HBgMOTE4OTAzMTYyMTE0FQIAERgSQzY5ODc1NUIwQjBENjEzMjMxAA==
[2026-02-03T07:46:59.171Z] Incoming: 918903162114 | Body:  | Image: true
[2026-02-03T07:46:59.176Z] Current CleanBody: 
[2026-02-03T07:46:59.179Z] User 918903162114 is in state: {"step":"AADHAAR_UPLOAD","name":"FAITH","userPhone":"9877663632","room":"G1","sharingType":"Four Sharing","monthlyRent":6500,"advance":"3500"}
[2026-02-03T07:47:02.833Z] Attempting to send message to 918903162114
[2026-02-03T07:47:03.317Z] Message sent successfully to 918903162114. Response ID: wamid.HBgMOTE4OTAzMTYyMTE0FQIAERgSODI2QzMzRjEwOUNCMzc4QTk1AA==
[2026-02-03T07:47:03.320Z] Attempting to send message to 918903162114
[2026-02-03T07:47:03.798Z] Message sent successfully to 918903162114. Response ID: wamid.HBgMOTE4OTAzMTYyMTE0FQIAERgSMUY4OTg3MzIyRkI0REVFNzZBAA==
[2026-02-03T08:05:37.047Z] Attempting to send message to 919877663632
[2026-02-03T08:05:37.477Z] Error sending message to 919877663632: {"error":{"message":"(#131030) Recipient phone number not in allowed list","type":"OAuthException","code":131030,"error_data":{"messaging_product":"whatsapp","details":"Recipient phone number not in allowed list: Add recipient phone number to recipient list and try again."},"fbtrace_id":"AI_pFIZUyEQ4n7Us2eLcHAn"}}
[2026-02-03T08:05:38.363Z] Attempting to send message to 919877663632
[2026-02-03T08:05:38.725Z] Error sending message to 919877663632: {"error":{"message":"(#131030) Recipient phone number not in allowed list","type":"OAuthException","code":131030,"error_data":{"messaging_product":"whatsapp","details":"Recipient phone number not in allowed list: Add recipient phone number to recipient list and try again."},"fbtrace_id":"AGec7yodeVRdFd3CmM05OED"}}
[2026-02-03T08:05:44.273Z] Attempting to send message to 919877663632
[2026-02-03T08:05:44.637Z] Error sending message to 919877663632: {"error":{"message":"(#131030) Recipient phone number not in allowed list","type":"OAuthException","code":131030,"error_data":{"messaging_product":"whatsapp","details":"Recipient phone number not in allowed list: Add recipient phone number to recipient list and try again."},"fbtrace_id":"AQYfuFRjwCKGENhBRgLwBpl"}}
[2026-02-03T08:06:50.198Z] Attempting to send message to 918903162114
[2026-02-03T08:06:50.862Z] Message sent successfully to 918903162114. Response ID: wamid.HBgMOTE4OTAzMTYyMTE0FQIAERgSMUNEQUY3Qzc4QTc3NzJGRDQyAA==
[2026-02-03T08:07:34.723Z] Incoming: 918903162114 | Body: PAID BY CASH | Image: false
[2026-02-03T08:07:34.749Z] Current CleanBody: PAID BY CASH
[2026-02-03T08:07:34.750Z] Smart Payment Check: 918903162114 | PAID BY CASH
[2026-02-03T08:07:35.233Z] Attempting to send message to 918903162114
[2026-02-03T08:07:35.819Z] Message sent successfully to 918903162114. Response ID: wamid.HBgMOTE4OTAzMTYyMTE0FQIAERgSQkIyMjgwQjc5OEVEMDU3QTA2AA==
[2026-02-03T08:07:47.707Z] Incoming: 918903162114 | Body: 7043 | Image: false
[2026-02-03T08:07:47.708Z] Current CleanBody: 7043
[2026-02-03T08:07:47.708Z] User 918903162114 is in state: {"step":"CASH_AMOUNT"}
[2026-02-03T08:07:47.717Z] Attempting to send message to 918903162114
[2026-02-03T08:07:48.257Z] Message sent successfully to 918903162114. Response ID: wamid.HBgMOTE4OTAzMTYyMTE0FQIAERgSQTU4RjFERTI4RUUzMjg5QTlFAA==
[2026-02-03T08:07:59.569Z] Incoming: 918903162114 | Body: 03/02/2026 | Image: false
[2026-02-03T08:07:59.570Z] Current CleanBody: 03/02/2026
[2026-02-03T08:07:59.571Z] User 918903162114 is in state: {"step":"CASH_DATE","amount":"7043"}
[2026-02-03T08:08:00.628Z] Attempting to send message to 918903162114
[2026-02-03T08:08:01.159Z] Message sent successfully to 918903162114. Response ID: wamid.HBgMOTE4OTAzMTYyMTE0FQIAERgSMjY3N0NDRUI2MUFGM0EyNTMyAA==
[2026-02-03T08:08:01.528Z] Attempting to send message to 918903162114
[2026-02-03T08:08:02.055Z] Message sent successfully to 918903162114. Response ID: wamid.HBgMOTE4OTAzMTYyMTE0FQIAERgSMTFGQTg1Qjg4QjRFNjJDRDU2AA==
[2026-02-03T09:10:55.423Z] Incoming: 918903162114 | Body: JOIN | Image: false
[2026-02-03T09:10:55.497Z] Current CleanBody: JOIN
[2026-02-03T09:10:55.499Z] Smart Payment Check: 918903162114 | JOIN
[2026-02-03T09:10:58.273Z] No tenant found for smart payment: 918903162114
[2026-02-03T09:11:01.346Z] Attempting to send message to 918903162114
[2026-02-03T09:11:01.865Z] Message sent successfully to 918903162114. Response ID: wamid.HBgMOTE4OTAzMTYyMTE0FQIAERgSMEEwQjQxMzM2RTkzQTM3MjBEAA==
[2026-02-03T09:11:13.972Z] Incoming: 918903162114 | Body: Lokesh | Image: false
[2026-02-03T09:11:13.974Z] Current CleanBody: LOKESH
[2026-02-03T09:11:13.974Z] User 918903162114 is in state: {"step":"NAME"}
[2026-02-03T09:11:13.982Z] Handling Onboarding for 918903162114 Step: NAME
[2026-02-03T09:11:13.982Z] Attempting to send message to 918903162114
[2026-02-03T09:11:14.562Z] Message sent successfully to 918903162114. Response ID: wamid.HBgMOTE4OTAzMTYyMTE0FQIAERgSQTc0QTQ5MzVFNDM5ODJFOTFEAA==
[2026-02-03T09:12:07.510Z] Incoming: 918903162114 | Body: 81068 11285 | Image: false
[2026-02-03T09:12:07.514Z] Current CleanBody: 81068 11285
[2026-02-03T09:12:07.514Z] User 918903162114 is in state: {"step":"PHONE_NUMBER","name":"Lokesh"}
[2026-02-03T09:12:07.515Z] Handling Onboarding for 918903162114 Step: PHONE_NUMBER
[2026-02-03T09:12:07.515Z] Attempting to send message to 918903162114
[2026-02-03T09:12:08.088Z] Message sent successfully to 918903162114. Response ID: wamid.HBgMOTE4OTAzMTYyMTE0FQIAERgSOUVGNzMxMkJERDcxNEIzNjkxAA==
[2026-02-03T09:12:14.017Z] Incoming: 918903162114 | Body: G1 | Image: false
[2026-02-03T09:12:14.018Z] Current CleanBody: G1
[2026-02-03T09:12:14.019Z] User 918903162114 is in state: {"step":"ROOM","name":"Lokesh","userPhone":"81068 11285"}
[2026-02-03T09:12:14.019Z] Handling Onboarding for 918903162114 Step: ROOM
[2026-02-03T09:12:14.019Z] Attempting to send message to 918903162114
[2026-02-03T09:12:14.690Z] Message sent successfully to 918903162114. Response ID: wamid.HBgMOTE4OTAzMTYyMTE0FQIAERgSMkE2N0QxRDlBOUJCOTcxMDhEAA==
[2026-02-03T09:12:19.090Z] Incoming: 918903162114 | Body: 4 | Image: false
[2026-02-03T09:12:19.091Z] Current CleanBody: 4
[2026-02-03T09:12:19.091Z] User 918903162114 is in state: {"step":"SHARING_TYPE","name":"Lokesh","userPhone":"81068 11285","room":"G1"}
[2026-02-03T09:12:19.091Z] Handling Onboarding for 918903162114 Step: SHARING_TYPE
[2026-02-03T09:12:19.091Z] Attempting to send message to 918903162114
[2026-02-03T09:12:19.666Z] Message sent successfully to 918903162114. Response ID: wamid.HBgMOTE4OTAzMTYyMTE0FQIAERgSRTlCMUYyRkUxODFDM0Y5NUQ4AA==
[2026-02-03T09:12:24.911Z] Incoming: 918903162114 | Body: 3500 | Image: false
[2026-02-03T09:12:24.912Z] Current CleanBody: 3500
[2026-02-03T09:12:24.912Z] User 918903162114 is in state: {"step":"ADVANCE","name":"Lokesh","userPhone":"81068 11285","room":"G1","sharingType":"Four Sharing","monthlyRent":6500}
[2026-02-03T09:12:24.913Z] Handling Onboarding for 918903162114 Step: ADVANCE
[2026-02-03T09:12:24.913Z] Attempting to send message to 918903162114
[2026-02-03T09:12:25.468Z] Message sent successfully to 918903162114. Response ID: wamid.HBgMOTE4OTAzMTYyMTE0FQIAERgSQ0RBMEMwRTUzNUY2MjUyM0VFAA==
[2026-02-03T09:12:43.231Z] Incoming: 918903162114 | Body:  | Image: true
[2026-02-03T09:12:43.232Z] Current CleanBody: 
[2026-02-03T09:12:43.233Z] User 918903162114 is in state: {"step":"AADHAAR_UPLOAD","name":"Lokesh","userPhone":"81068 11285","room":"G1","sharingType":"Four Sharing","monthlyRent":6500,"advance":"3500"}
[2026-02-03T09:12:43.233Z] Handling Onboarding for 918903162114 Step: AADHAAR_UPLOAD
[2026-02-03T09:12:47.093Z] Attempting to send message to 918903162114
[2026-02-03T09:12:47.612Z] Message sent successfully to 918903162114. Response ID: wamid.HBgMOTE4OTAzMTYyMTE0FQIAERgSRUU3OEI1QUI5ODVDMDEwOEMyAA==
[2026-02-03T09:12:47.613Z] Attempting to send message to 918903162114
[2026-02-03T09:12:48.213Z] Message sent successfully to 918903162114. Response ID: wamid.HBgMOTE4OTAzMTYyMTE0FQIAERgSODEzOTlEOEIyNzc5OTQwN0Q2AA==
[2026-02-03T09:14:46.254Z] Attempting to send message to 918106811285
[2026-02-03T09:14:47.193Z] Message sent successfully to 918106811285. Response ID: wamid.HBgMOTE4MTA2ODExMjg1FQIAERgSREMzRTA2NEExOTUwRjY0NEVDAA==
[2026-02-03T09:28:16.842Z] Attempting to send message to 918903162114
[2026-02-03T09:28:17.447Z] Message sent successfully to 918903162114. Response ID: wamid.HBgMOTE4OTAzMTYyMTE0FQIAERgSMjQ3NjA3NDkxMEU1ODJFRTAyAA==
[2026-02-03T09:28:24.310Z] Attempting to send message to 919876543212
[2026-02-03T09:28:24.731Z] Error sending message to 919876543212: {"error":{"message":"(#131030) Recipient phone number not in allowed list","type":"OAuthException","code":131030,"error_data":{"messaging_product":"whatsapp","details":"Recipient phone number not in allowed list: Add recipient phone number to recipient list and try again."},"fbtrace_id":"Aujj6yHVKbYbOFLFcrmosfD"}}
[2026-02-03T09:28:43.770Z] Attempting to send message to 917010905730
[2026-02-03T09:28:44.917Z] Message sent successfully to 917010905730. Response ID: wamid.HBgMOTE3MDEwOTA1NzMwFQIAERgSQzk3N0ZCQ0RBOTZFMEI4RDlFAA==
[2026-02-03T09:29:46.422Z] Attempting to send message to 98847474747
[2026-02-03T09:29:47.282Z] Error sending message to 98847474747: {"error":{"message":"(#131030) Recipient phone number not in allowed list","type":"OAuthException","code":131030,"error_data":{"messaging_product":"whatsapp","details":"Recipient phone number not in allowed list: Add recipient phone number to recipient list and try again."},"fbtrace_id":"AFGRKtq5fgUjsSyh4NW6vyz"}}
[2026-02-03T09:30:13.643Z] Attempting to send message to 919876543215
[2026-02-03T09:30:14.064Z] Error sending message to 919876543215: {"error":{"message":"(#131030) Recipient phone number not in allowed list","type":"OAuthException","code":131030,"error_data":{"messaging_product":"whatsapp","details":"Recipient phone number not in allowed list: Add recipient phone number to recipient list and try again."},"fbtrace_id":"AfvpD0KRWFerTvFthVbHwbQ"}}
[2026-02-03T09:30:28.390Z] Attempting to send message to 917010905730
[2026-02-03T09:30:29.029Z] Message sent successfully to 917010905730. Response ID: wamid.HBgMOTE3MDEwOTA1NzMwFQIAERgSNjgyRDQ0NDlDNjhBRDdCMjYxAA==
[2026-02-03T09:31:55.731Z] Attempting to send message to 917010905730
[2026-02-03T09:31:56.507Z] Message sent successfully to 917010905730. Response ID: wamid.HBgMOTE3MDEwOTA1NzMwFQIAERgSNjA1QkI0MzlDQTQzNENCNjY1AA==
[2026-02-03T09:32:07.456Z] Incoming: 917010905730 | Body: Hi | Image: false
[2026-02-03T09:32:07.474Z] Current CleanBody: HI
[2026-02-03T09:32:07.474Z] User 917010905730 is in state: {"contextName":"Sneha Rao"}
[2026-02-03T09:32:07.475Z] Handling Onboarding for 917010905730 Step: undefined
[2026-02-03T09:32:18.713Z] Attempting to send message to 917010905730
[2026-02-03T09:32:19.422Z] Message sent successfully to 917010905730. Response ID: wamid.HBgMOTE3MDEwOTA1NzMwFQIAERgSNkIxQ0Q2REI3MkQxNEI5NUI0AA==
[2026-02-03T09:35:46.777Z] Incoming: 918903162114 | Body: Hi | Image: false
[2026-02-03T09:35:46.783Z] Current CleanBody: HI
[2026-02-03T09:35:46.784Z] User 918903162114 is in state: {"contextName":"Priya Nair"}
[2026-02-03T09:35:46.784Z] Handling Onboarding for 918903162114 Step: undefined
[2026-02-03T09:38:05.228Z] Incoming: 918903162114 | Body: Hi | Image: false
[2026-02-03T09:38:05.238Z] Current CleanBody: HI
[2026-02-03T09:38:05.238Z] Smart Payment Check: 918903162114 | Hi
[2026-02-03T09:38:08.835Z] Attempting to send message to 918903162114
[2026-02-03T09:38:09.333Z] Message sent successfully to 918903162114. Response ID: wamid.HBgMOTE4OTAzMTYyMTE0FQIAERgSODcxMTlFRTZFMzU2MUIwN0RDAA==
[2026-02-03T09:38:16.934Z] Incoming: 918903162114 | Body: Help | Image: false
[2026-02-03T09:38:16.935Z] Current CleanBody: HELP
[2026-02-03T09:38:16.936Z] Smart Payment Check: 918903162114 | Help
[2026-02-03T09:38:53.083Z] Incoming: 918903162114 | Body: Hi | Image: false
[2026-02-03T09:38:53.084Z] Current CleanBody: HI
[2026-02-03T09:38:53.084Z] User 918903162114 is in state: {"step":"HELP_REASON"}
[2026-02-03T09:38:53.085Z] Handling Onboarding for 918903162114 Step: HELP_REASON
[2026-02-03T09:38:53.086Z] Attempting to send message to 918903162114
[2026-02-03T09:38:53.676Z] Message sent successfully to 918903162114. Response ID: wamid.HBgMOTE4OTAzMTYyMTE0FQIAERgSM0NFMTQ3MEQxRTYyQjVGNjFEAA==
[2026-02-03T09:38:53.690Z] Attempting to send message to 918903162114
[2026-02-03T09:38:54.171Z] Message sent successfully to 918903162114. Response ID: wamid.HBgMOTE4OTAzMTYyMTE0FQIAERgSOUVGRThDQUU0RDRFNkI1QUZBAA==
[2026-02-03T10:00:28.218Z] Incoming: 918903162114 | Body: hi | Image: false
[2026-02-03T10:00:28.278Z] Current CleanBody: HI
[2026-02-03T10:00:28.279Z] Smart Payment Check: 918903162114 | hi
[2026-02-03T10:00:33.473Z] Attempting to send message to 918903162114
[2026-02-03T10:00:34.014Z] Message sent successfully to 918903162114. Response ID: wamid.HBgMOTE4OTAzMTYyMTE0FQIAERgSMEI2QTRCNTk2MzQ3MjA3N0JFAA==
[2026-02-03T10:01:48.035Z] Incoming: 918903162114 | Body: status | Image: false
[2026-02-03T10:01:48.036Z] Current CleanBody: STATUS
[2026-02-03T10:01:48.037Z] Smart Payment Check: 918903162114 | status
[2026-02-03T10:01:48.962Z] Attempting to send message to 918903162114
[2026-02-03T10:01:49.479Z] Message sent successfully to 918903162114. Response ID: wamid.HBgMOTE4OTAzMTYyMTE0FQIAERgSQzM4ODJDMTY1NzYzMzIzQzNEAA==
[2026-02-03T10:02:04.926Z] Incoming: 918903162114 | Body: i paid by cash | Image: false
[2026-02-03T10:02:04.928Z] Current CleanBody: I PAID BY CASH
[2026-02-03T10:02:04.929Z] Smart Payment Check: 918903162114 | i paid by cash
[2026-02-03T10:02:05.528Z] Attempting to send message to 918903162114
[2026-02-03T10:02:06.056Z] Message sent successfully to 918903162114. Response ID: wamid.HBgMOTE4OTAzMTYyMTE0FQIAERgSRDRBQkMxQjVGQjMxQjMzRkZGAA==
[2026-02-03T10:02:16.987Z] Incoming: 918903162114 | Body: 9357 by cash | Image: false
[2026-02-03T10:02:16.988Z] Current CleanBody: 9357 BY CASH
[2026-02-03T10:02:16.988Z] User 918903162114 is in state: {"step":"CASH_AMOUNT"}
[2026-02-03T10:02:16.990Z] Handling Onboarding for 918903162114 Step: CASH_AMOUNT
[2026-02-03T10:02:17.061Z] Attempting to send message to 918903162114
[2026-02-03T10:02:17.543Z] Message sent successfully to 918903162114. Response ID: wamid.HBgMOTE4OTAzMTYyMTE0FQIAERgSRjE0QjUyMjU4RUI2MzMxMTFCAA==
[2026-02-03T10:02:27.014Z] Incoming: 918903162114 | Body: 03/02/2026 | Image: false
[2026-02-03T10:02:27.015Z] Current CleanBody: 03/02/2026
[2026-02-03T10:02:27.015Z] User 918903162114 is in state: {"step":"CASH_DATE","amount":"9357 by cash"}
[2026-02-03T10:02:27.015Z] Handling Onboarding for 918903162114 Step: CASH_DATE
[2026-02-03T10:02:28.021Z] Attempting to send message to 918903162114
[2026-02-03T10:02:28.508Z] Message sent successfully to 918903162114. Response ID: wamid.HBgMOTE4OTAzMTYyMTE0FQIAERgSODAyQjFERTc0NDg0QjEwNTE1AA==
[2026-02-03T10:02:28.875Z] Attempting to send message to 918903162114
[2026-02-03T10:02:29.365Z] Message sent successfully to 918903162114. Response ID: wamid.HBgMOTE4OTAzMTYyMTE0FQIAERgSOTU3RkNDREIyRDgzQjUxN0QzAA==
[2026-02-03T10:02:36.790Z] Incoming: 918903162114 | Body: status' | Image: false
[2026-02-03T10:02:36.791Z] Current CleanBody: STATUS'
[2026-02-03T10:02:36.792Z] Smart Payment Check: 918903162114 | status'
[2026-02-03T10:02:37.641Z] Attempting to send message to 918903162114
[2026-02-03T10:02:38.150Z] Message sent successfully to 918903162114. Response ID: wamid.HBgMOTE4OTAzMTYyMTE0FQIAERgSQTJEQTYwOTJDOTE4ODM1Mzg3AA==
[2026-02-03T10:07:40.840Z] Incoming: 918903162114 | Body: Hi | Image: false
[2026-02-03T10:07:40.849Z] Current CleanBody: HI
[2026-02-03T10:07:40.849Z] Smart Payment Check: 918903162114 | Hi
[2026-02-03T10:07:45.168Z] Attempting to send message to 918903162114
[2026-02-03T10:07:45.650Z] Message sent successfully to 918903162114. Response ID: wamid.HBgMOTE4OTAzMTYyMTE0FQIAERgSQzEzREQ3MERDNDA1QTZDNTE5AA==
[2026-02-03T10:08:02.960Z] Incoming: 918903162114 | Body: Status | Image: false
[2026-02-03T10:08:02.962Z] Current CleanBody: STATUS
[2026-02-03T10:08:02.962Z] Smart Payment Check: 918903162114 | Status
[2026-02-03T10:08:03.802Z] Attempting to send message to 918903162114
[2026-02-03T10:08:04.347Z] Message sent successfully to 918903162114. Response ID: wamid.HBgMOTE4OTAzMTYyMTE0FQIAERgSNjRERjg4MDUxMTZFNEE4NTA2AA==
[2026-02-03T10:12:08.963Z] Incoming: 918106811285 | Body: Paid by cash | Image: false
[2026-02-03T10:12:08.966Z] Current CleanBody: PAID BY CASH
[2026-02-03T10:12:08.966Z] Smart Payment Check: 918106811285 | Paid by cash
[2026-02-03T10:12:09.496Z] Attempting to send message to 918106811285
[2026-02-03T10:12:10.786Z] Message sent successfully to 918106811285. Response ID: wamid.HBgMOTE4MTA2ODExMjg1FQIAERgSMTAxNEU5OEZFRTY5NjVBQkNEAA==
[2026-02-03T10:12:25.048Z] Incoming: 918106811285 | Body: 6953 | Image: false
[2026-02-03T10:12:25.049Z] Current CleanBody: 6953
[2026-02-03T10:12:25.050Z] User 918106811285 is in state: {"step":"CASH_AMOUNT"}
[2026-02-03T10:12:25.051Z] Handling Onboarding for 918106811285 Step: CASH_AMOUNT
[2026-02-03T10:12:25.132Z] Attempting to send message to 918106811285
[2026-02-03T10:12:26.294Z] Message sent successfully to 918106811285. Response ID: wamid.HBgMOTE4MTA2ODExMjg1FQIAERgSNUM0NzIxMDhBMkI0N0UwNDRGAA==
[2026-02-03T10:12:48.620Z] Incoming: 918106811285 | Body: 03/02/2026 | Image: false
[2026-02-03T10:12:48.621Z] Current CleanBody: 03/02/2026
[2026-02-03T10:12:48.621Z] User 918106811285 is in state: {"step":"CASH_DATE","amount":"6953"}
[2026-02-03T10:12:48.621Z] Handling Onboarding for 918106811285 Step: CASH_DATE
[2026-02-03T10:12:49.831Z] Attempting to send message to 918106811285
[2026-02-03T10:12:51.030Z] Message sent successfully to 918106811285. Response ID: wamid.HBgMOTE4MTA2ODExMjg1FQIAERgSQkRFRkQ2NkUwNjk5RTJBNDNBAA==
[2026-02-03T10:12:51.380Z] Attempting to send message to 918903162114
[2026-02-03T10:12:51.877Z] Message sent successfully to 918903162114. Response ID: wamid.HBgMOTE4OTAzMTYyMTE0FQIAERgSMDdDNkI3RUI1NDYyNjRBODU0AA==
[2026-02-03T11:15:30.464Z] Incoming: 918903162114 | Body: Hi | Image: false
[2026-02-03T11:15:30.472Z] Current CleanBody: HI
[2026-02-03T11:15:30.473Z] Smart Payment Check: 918903162114 | Hi
[2026-02-03T11:15:36.528Z] Attempting to send message to 918903162114
[2026-02-03T11:15:37.121Z] Message sent successfully to 918903162114. Response ID: wamid.HBgMOTE4OTAzMTYyMTE0FQIAERgSMUE2RDQ4MDI4MkREQ0NBQzgxAA==
[2026-02-04T04:02:41.822Z] Incoming: 918903162114 | Body: hi | Image: false
[2026-02-04T04:02:41.870Z] Current CleanBody: HI
[2026-02-04T04:02:41.873Z] Smart Payment Check: 918903162114 | hi
[2026-02-04T04:02:47.353Z] Message sent successfully to 918903162114. Response ID: wamid.HBgMOTE4OTAzMTYyMTE0FQIAERgSOEYzMDQ3NDM1NUE0MTFDRjVGAA==
[2026-02-04T04:02:48.381Z] Message sent successfully to 918903162114. Response ID: wamid.HBgMOTE4OTAzMTYyMTE0FQIAERgSRDM4MDc1NUI4M0I2NTk2OEM0AA==
[2026-02-04T04:02:49.400Z] Message sent successfully to 918903162114. Response ID: wamid.HBgMOTE4OTAzMTYyMTE0FQIAERgSNDdERUExMTFEODQwMjhCNDUyAA==
[2026-02-04T04:03:20.046Z] Incoming: 918903162114 | Body: HELP | Image: false
[2026-02-04T04:03:20.048Z] Current CleanBody: HELP
[2026-02-04T04:03:20.049Z] Smart Payment Check: 918903162114 | HELP
[2026-02-04T04:03:52.448Z] Incoming: 918903162114 | Body: RENT | Image: false
[2026-02-04T04:03:52.451Z] Current CleanBody: RENT
[2026-02-04T04:03:52.452Z] User 918903162114 is in state: {"step":"HELP_REASON"}
[2026-02-04T04:03:52.455Z] Handling Onboarding for 918903162114 Step: HELP_REASON
[2026-02-04T04:03:53.606Z] Message sent successfully to 918903162114. Response ID: wamid.HBgMOTE4OTAzMTYyMTE0FQIAERgSQkZBM0VFRTM5QTJBM0NGRjVBAA==
[2026-02-04T04:03:54.218Z] Message sent successfully to 918903162114. Response ID: wamid.HBgMOTE4OTAzMTYyMTE0FQIAERgSMjMwNjQ2OUU3QUFDOENBQUI2AA==
[2026-02-04T04:04:16.310Z] Incoming: 918903162114 | Body: EB | Image: false
[2026-02-04T04:04:16.312Z] Current CleanBody: EB
[2026-02-04T04:04:16.314Z] Smart Payment Check: 918903162114 | EB
[2026-02-04T04:04:22.571Z] Message sent successfully to 918903162114. Response ID: wamid.HBgMOTE4OTAzMTYyMTE0FQIAERgSMUM0NkVCNTRDNzkzQjk2QTFDAA==
[2026-02-04T05:34:01.618Z] Incoming: 918903162114 | Body: hi | Image: false
[2026-02-04T05:34:01.701Z] Current CleanBody: HI
[2026-02-04T05:34:01.702Z] Smart Payment Check: 918903162114 | hi
[2026-02-04T05:34:04.083Z] Message sent successfully to 918903162114. Response ID: wamid.HBgMOTE4OTAzMTYyMTE0FQIAERgSREVBQzYyNzAxREZDMkE0QkQyAA==
[2026-02-04T05:34:05.241Z] Message sent successfully to 918903162114. Response ID: wamid.HBgMOTE4OTAzMTYyMTE0FQIAERgSNTQwRjBCRTZEMjgwMjg4NDgzAA==
[2026-02-04T05:34:06.439Z] Message sent successfully to 918903162114. Response ID: wamid.HBgMOTE4OTAzMTYyMTE0FQIAERgSM0ZGRjhEM0FGQTYzMDY4NUU4AA==
[2026-02-04T05:34:24.545Z] Incoming: 918903162114 | Body: priys nair is vacate now | Image: false
[2026-02-04T05:34:24.556Z] Current CleanBody: PRIYS NAIR IS VACATE NOW
[2026-02-04T05:34:24.557Z] Smart Payment Check: 918903162114 | priys nair is vacate now
[2026-02-04T05:34:26.164Z] Message sent successfully to 918903162114. Response ID: wamid.HBgMOTE4OTAzMTYyMTE0FQIAERgSQTQ3N0JBMjQ2QUIzN0FEQUMzAA==
[2026-02-04T05:34:45.927Z] Incoming: 918903162114 | Body: VACATE | Image: false
[2026-02-04T05:34:45.929Z] Current CleanBody: VACATE
[2026-02-04T05:34:45.930Z] Smart Payment Check: 918903162114 | VACATE
[2026-02-04T05:34:47.522Z] Message sent successfully to 918903162114. Response ID: wamid.HBgMOTE4OTAzMTYyMTE0FQIAERgSOTY3MzRCOUFBOUQ3NjYyMDcxAA==
[2026-02-04T05:34:48.700Z] Message sent successfully to 918903162114. Response ID: wamid.HBgMOTE4OTAzMTYyMTE0FQIAERgSQ0ZGNzIxNTY2Qjk0MTlGNTM5AA==
[2026-02-04T05:34:58.013Z] Incoming: 918903162114 | Body: hi | Image: false
[2026-02-04T05:34:58.014Z] Current CleanBody: HI
[2026-02-04T05:34:58.015Z] Smart Payment Check: 918903162114 | hi
[2026-02-04T05:34:59.644Z] Message sent successfully to 918903162114. Response ID: wamid.HBgMOTE4OTAzMTYyMTE0FQIAERgSQTY0RUQ2QUJFNTgwODNGN0I3AA==
[2026-02-04T05:35:00.732Z] Message sent successfully to 918903162114. Response ID: wamid.HBgMOTE4OTAzMTYyMTE0FQIAERgSNEUxRjExMTM5RkIwODdDODIwAA==
[2026-02-04T05:35:01.762Z] Message sent successfully to 918903162114. Response ID: wamid.HBgMOTE4OTAzMTYyMTE0FQIAERgSMEM5QTUxOTFCMTU2MzAwMzdDAA==
[2026-02-04T05:35:48.281Z] Message sent successfully to 918903162114. Response ID: wamid.HBgMOTE4OTAzMTYyMTE0FQIAERgSMjA5ODk4QzUwNkQ4MzYyREIzAA==
[2026-02-04T05:39:33.926Z] Incoming: 917010905730 | Body: Hi | Image: false
[2026-02-04T05:39:33.930Z] Current CleanBody: HI
[2026-02-04T05:39:33.931Z] Smart Payment Check: 917010905730 | Hi
[2026-02-04T05:39:36.357Z] Message sent successfully to 917010905730. Response ID: wamid.HBgMOTE3MDEwOTA1NzMwFQIAERgSRUYzOTkyOTlCNzg1NUU3OTg4AA==
[2026-02-04T05:39:37.540Z] Message sent successfully to 917010905730. Response ID: wamid.HBgMOTE3MDEwOTA1NzMwFQIAERgSMTU2RTA3Nzc1QzlCMUQ4OEE2AA==
[2026-02-04T05:39:38.860Z] Message sent successfully to 917010905730. Response ID: wamid.HBgMOTE3MDEwOTA1NzMwFQIAERgSNzlBNzI2NDM2NEZDOTZENDJEAA==
[2026-02-04T05:39:48.737Z] Incoming: 917010905730 | Body: VACATE | Image: false
[2026-02-04T05:39:48.738Z] Current CleanBody: VACATE
[2026-02-04T05:39:48.738Z] Smart Payment Check: 917010905730 | VACATE
[2026-02-04T05:39:50.430Z] Message sent successfully to 917010905730. Response ID: wamid.HBgMOTE3MDEwOTA1NzMwFQIAERgSRUUyQ0YyRkM3OTdENDEwQkQ3AA==
[2026-02-04T05:39:51.017Z] Message sent successfully to 918903162114. Response ID: wamid.HBgMOTE4OTAzMTYyMTE0FQIAERgSMkRCODMxQ0NBNDI3NjY1QkY5AA==
[2026-02-04T05:43:00.107Z] Message sent successfully to 917010905730. Response ID: wamid.HBgMOTE3MDEwOTA1NzMwFQIAERgSNUQ5NzY3Qjg3NUVGNTU5NkNBAA==
[2026-02-04T05:44:51.439Z] Message sent successfully to 918106811285. Response ID: wamid.HBgMOTE4MTA2ODExMjg1FQIAERgSMTY0NjgzMzk2M0U0MzY1OTQ4AA==
[2026-02-04T05:44:52.103Z] Message sent successfully to 918903162114. Response ID: wamid.HBgMOTE4OTAzMTYyMTE0FQIAERgSNUEwMTA1MjJFNDRENDk4MkU2AA==
[2026-02-04T05:44:53.588Z] Error sending message to 98847474747: {"error":{"message":"(#131030) Recipient phone number not in allowed list","type":"OAuthException","code":131030,"error_data":{"messaging_product":"whatsapp","details":"Recipient phone number not in allowed list: Add recipient phone number to recipient list and try again."},"fbtrace_id":"A_ZsIQogh7noEUCjIUv2PN9"}}
[2026-02-04T05:44:53.934Z] Error sending message to 919876543213: {"error":{"message":"(#131030) Recipient phone number not in allowed list","type":"OAuthException","code":131030,"error_data":{"messaging_product":"whatsapp","details":"Recipient phone number not in allowed list: Add recipient phone number to recipient list and try again."},"fbtrace_id":"AGW-VSFRpYPA5UdCa_uKxeQ"}}
[2026-02-04T05:44:54.259Z] Error sending message to 919876543214: {"error":{"message":"(#131030) Recipient phone number not in allowed list","type":"OAuthException","code":131030,"error_data":{"messaging_product":"whatsapp","details":"Recipient phone number not in allowed list: Add recipient phone number to recipient list and try again."},"fbtrace_id":"A4MVdNRCEIwyL6f4QYjP0Bg"}}
[2026-02-04T05:44:55.147Z] Message sent successfully to 917010905730. Response ID: wamid.HBgMOTE3MDEwOTA1NzMwFQIAERgSMTY2QTc4NzAxNTU0QjA4Q0UwAA==
[2026-02-04T05:44:55.476Z] Error sending message to 919876543216: {"error":{"message":"(#131030) Recipient phone number not in allowed list","type":"OAuthException","code":131030,"error_data":{"messaging_product":"whatsapp","details":"Recipient phone number not in allowed list: Add recipient phone number to recipient list and try again."},"fbtrace_id":"AbYFs-v8A3bFNRPSkvT9sHD"}}
[2026-02-04T05:44:56.019Z] Error sending message to 919876543217: {"error":{"message":"(#131030) Recipient phone number not in allowed list","type":"OAuthException","code":131030,"error_data":{"messaging_product":"whatsapp","details":"Recipient phone number not in allowed list: Add recipient phone number to recipient list and try again."},"fbtrace_id":"AQdeyDg4woNDIdiPQWdp_UP"}}
[2026-02-04T05:44:56.363Z] Error sending message to 919876543218: {"error":{"message":"(#131030) Recipient phone number not in allowed list","type":"OAuthException","code":131030,"error_data":{"messaging_product":"whatsapp","details":"Recipient phone number not in allowed list: Add recipient phone number to recipient list and try again."},"fbtrace_id":"AFH71KTXjoc0utJcfkjh7Dg"}}
[2026-02-04T05:44:56.692Z] Error sending message to 919876543219: {"error":{"message":"(#131030) Recipient phone number not in allowed list","type":"OAuthException","code":131030,"error_data":{"messaging_product":"whatsapp","details":"Recipient phone number not in allowed list: Add recipient phone number to recipient list and try again."},"fbtrace_id":"ATJ_6e2eLvc31_1gtyM0NLw"}}
[2026-02-04T05:44:57.000Z] Error sending message to 919876543220: {"error":{"message":"(#131030) Recipient phone number not in allowed list","type":"OAuthException","code":131030,"error_data":{"messaging_product":"whatsapp","details":"Recipient phone number not in allowed list: Add recipient phone number to recipient list and try again."},"fbtrace_id":"Actl862kIQi3dfRaegv3dtc"}}
[2026-02-04T05:44:57.336Z] Error sending message to 919876543221: {"error":{"message":"(#131030) Recipient phone number not in allowed list","type":"OAuthException","code":131030,"error_data":{"messaging_product":"whatsapp","details":"Recipient phone number not in allowed list: Add recipient phone number to recipient list and try again."},"fbtrace_id":"AOuJ8Uu9Iw3PnU6aAwwFYz3"}}
[2026-02-04T05:44:57.659Z] Error sending message to 919876543222: {"error":{"message":"(#131030) Recipient phone number not in allowed list","type":"OAuthException","code":131030,"error_data":{"messaging_product":"whatsapp","details":"Recipient phone number not in allowed list: Add recipient phone number to recipient list and try again."},"fbtrace_id":"AsjJWv5cErFZSiHErYrUbTl"}}
[2026-02-04T05:44:58.456Z] Error sending message to 919876543223: {"error":{"message":"(#131030) Recipient phone number not in allowed list","type":"OAuthException","code":131030,"error_data":{"messaging_product":"whatsapp","details":"Recipient phone number not in allowed list: Add recipient phone number to recipient list and try again."},"fbtrace_id":"AvjH1ZPNxypzz1T1_uoyXx7"}}
[2026-02-04T05:44:58.783Z] Error sending message to 919876543224: {"error":{"message":"(#131030) Recipient phone number not in allowed list","type":"OAuthException","code":131030,"error_data":{"messaging_product":"whatsapp","details":"Recipient phone number not in allowed list: Add recipient phone number to recipient list and try again."},"fbtrace_id":"AMEFt-ptvFzRIuAaMmQJ-fc"}}
[2026-02-04T05:44:59.105Z] Error sending message to 919876543225: {"error":{"message":"(#131030) Recipient phone number not in allowed list","type":"OAuthException","code":131030,"error_data":{"messaging_product":"whatsapp","details":"Recipient phone number not in allowed list: Add recipient phone number to recipient list and try again."},"fbtrace_id":"AbxEh42lMvP4c1Y-t6DHDN7"}}
[2026-02-04T05:44:59.435Z] Error sending message to 919876543226: {"error":{"message":"(#131030) Recipient phone number not in allowed list","type":"OAuthException","code":131030,"error_data":{"messaging_product":"whatsapp","details":"Recipient phone number not in allowed list: Add recipient phone number to recipient list and try again."},"fbtrace_id":"AtZyk1nunvEm9vls4UGLFuS"}}
[2026-02-04T05:44:59.829Z] Error sending message to 919876543227: {"error":{"message":"(#131030) Recipient phone number not in allowed list","type":"OAuthException","code":131030,"error_data":{"messaging_product":"whatsapp","details":"Recipient phone number not in allowed list: Add recipient phone number to recipient list and try again."},"fbtrace_id":"AFRqcSbrjJUHRytCP9yL3zs"}}
[2026-02-04T05:45:00.202Z] Error sending message to 919876543228: {"error":{"message":"(#131030) Recipient phone number not in allowed list","type":"OAuthException","code":131030,"error_data":{"messaging_product":"whatsapp","details":"Recipient phone number not in allowed list: Add recipient phone number to recipient list and try again."},"fbtrace_id":"AhofZnAMlTINhspctc1R61z"}}
[2026-02-04T05:45:00.549Z] Error sending message to 919876543229: {"error":{"message":"(#131030) Recipient phone number not in allowed list","type":"OAuthException","code":131030,"error_data":{"messaging_product":"whatsapp","details":"Recipient phone number not in allowed list: Add recipient phone number to recipient list and try again."},"fbtrace_id":"ANDus0j-e0ItmiJlEqWIk_s"}}
[2026-02-04T06:08:03.283Z] Message sent successfully to 918106811285. Response ID: wamid.HBgMOTE4MTA2ODExMjg1FQIAERgSRTNFRTUwNDkyM0IxOEQ2RkQwAA==
[2026-02-04T06:16:13.786Z] Message sent successfully to 918106811285. Response ID: wamid.HBgMOTE4MTA2ODExMjg1FQIAERgSMDExQjUxRUFEQTU4MkIwODNDAA==
[2026-02-04T06:16:44.654Z] Message sent successfully to 917010905730. Response ID: wamid.HBgMOTE3MDEwOTA1NzMwFQIAERgSRDA0OUNEQzY0OEU2RjIyRkNEAA==
[2026-02-04T06:37:47.542Z] Message sent successfully to 917010905730. Response ID: wamid.HBgMOTE3MDEwOTA1NzMwFQIAERgSMTlBQ0VGRkUyMTQ3QjlFNzlCAA==
[2026-02-04T06:46:33.525Z] Message sent successfully to 918903162114. Response ID: wamid.HBgMOTE4OTAzMTYyMTE0FQIAERgSRkU2NjA1RjFGRkE4QTZDQzRCAA==
[2026-02-04T06:52:42.367Z] Incoming: 918903162114 | Body: hiii | Image: false
[2026-02-04T06:52:42.465Z] Current CleanBody: HIII
[2026-02-04T06:52:42.467Z] Smart Payment Check: 918903162114 | hiii
[2026-02-04T06:52:45.264Z] Message sent successfully to 918903162114. Response ID: wamid.HBgMOTE4OTAzMTYyMTE0FQIAERgSNzNGMUY4OEMxMEVCQjAyOUIzAA==
[2026-02-04T06:54:24.432Z] Message sent successfully to 917010905730. Response ID: wamid.HBgMOTE3MDEwOTA1NzMwFQIAERgSNUNGNkUxNTcyNEREQ0FDQUQwAA==
[2026-02-04T06:55:39.307Z] Incoming: 917010905730 | Body: PAID | Image: false
[2026-02-04T06:55:39.333Z] Current CleanBody: PAID
[2026-02-04T06:55:39.334Z] Smart Payment Check: 917010905730 | PAID
[2026-02-04T06:55:40.580Z] Message sent successfully to 917010905730. Response ID: wamid.HBgMOTE3MDEwOTA1NzMwFQIAERgSRkVEOUQ2NENFMkE4RUIyMjVDAA==
[2026-02-04T06:55:49.914Z] Incoming: 917010905730 | Body: 45443443334 | Image: false
[2026-02-04T06:55:49.915Z] Current CleanBody: 45443443334
[2026-02-04T06:55:49.916Z] User 917010905730 is in state: {"step":"PAYMENT_PROOF"}
[2026-02-04T06:55:49.917Z] Handling Onboarding for 917010905730 Step: PAYMENT_PROOF
[2026-02-04T06:55:55.950Z] Message sent successfully to 917010905730. Response ID: wamid.HBgMOTE3MDEwOTA1NzMwFQIAERgSNDQ1MkYzMzlCQ0FBNzQ5NTlGAA==
[2026-02-04T06:55:57.104Z] Message sent successfully to 918903162114. Response ID: wamid.HBgMOTE4OTAzMTYyMTE0FQIAERgSNUU4NkVEMzMyMTI3Qzk0NUQ5AA==
[2026-02-04T07:01:12.040Z] Message sent successfully to 918106811285. Response ID: wamid.HBgMOTE4MTA2ODExMjg1FQIAERgSNzdGNTMzM0VGQTRGMDIyNkI5AA==
[2026-02-04T07:01:12.773Z] Message sent successfully to 918903162114. Response ID: wamid.HBgMOTE4OTAzMTYyMTE0FQIAERgSMkNFM0VENTQzODBBNkIxOUU4AA==
[2026-02-04T07:01:13.543Z] Error sending message to 98847474747: {"error":{"message":"(#131030) Recipient phone number not in allowed list","type":"OAuthException","code":131030,"error_data":{"messaging_product":"whatsapp","details":"Recipient phone number not in allowed list: Add recipient phone number to recipient list and try again."},"fbtrace_id":"AIq-5wQQUacpeL3OjCE3bhy"}}
[2026-02-04T07:01:13.864Z] Error sending message to 919876543213: {"error":{"message":"(#131030) Recipient phone number not in allowed list","type":"OAuthException","code":131030,"error_data":{"messaging_product":"whatsapp","details":"Recipient phone number not in allowed list: Add recipient phone number to recipient list and try again."},"fbtrace_id":"AAcpNzBDlxpGR_NlPLSsCTb"}}
[2026-02-04T07:01:14.200Z] Error sending message to 919876543214: {"error":{"message":"(#131030) Recipient phone number not in allowed list","type":"OAuthException","code":131030,"error_data":{"messaging_product":"whatsapp","details":"Recipient phone number not in allowed list: Add recipient phone number to recipient list and try again."},"fbtrace_id":"AC9eWiG1fmpr1MWKFzRyg4N"}}
[2026-02-04T07:01:15.080Z] Message sent successfully to 917010905730. Response ID: wamid.HBgMOTE3MDEwOTA1NzMwFQIAERgSNEIyRkFGRjQxMjkyQUNFNTAxAA==
[2026-02-04T07:01:15.581Z] Error sending message to 919876543216: {"error":{"message":"(#131030) Recipient phone number not in allowed list","type":"OAuthException","code":131030,"error_data":{"messaging_product":"whatsapp","details":"Recipient phone number not in allowed list: Add recipient phone number to recipient list and try again."},"fbtrace_id":"AlHseEtNpI5GnKT3RjmTWXV"}}
[2026-02-04T07:01:15.898Z] Error sending message to 919876543217: {"error":{"message":"(#131030) Recipient phone number not in allowed list","type":"OAuthException","code":131030,"error_data":{"messaging_product":"whatsapp","details":"Recipient phone number not in allowed list: Add recipient phone number to recipient list and try again."},"fbtrace_id":"AMx6JPNclMbqLL8vHx6zi6L"}}
[2026-02-04T07:01:16.211Z] Error sending message to 919876543218: {"error":{"message":"(#131030) Recipient phone number not in allowed list","type":"OAuthException","code":131030,"error_data":{"messaging_product":"whatsapp","details":"Recipient phone number not in allowed list: Add recipient phone number to recipient list and try again."},"fbtrace_id":"Awb7BHS7MsZu5TbxoPtb2iI"}}
[2026-02-04T07:01:16.526Z] Error sending message to 919876543219: {"error":{"message":"(#131030) Recipient phone number not in allowed list","type":"OAuthException","code":131030,"error_data":{"messaging_product":"whatsapp","details":"Recipient phone number not in allowed list: Add recipient phone number to recipient list and try again."},"fbtrace_id":"AvMpklGqrFZwhvK3fcxNUdK"}}
[2026-02-04T07:01:17.180Z] Error sending message to 919876543220: {"error":{"message":"(#131030) Recipient phone number not in allowed list","type":"OAuthException","code":131030,"error_data":{"messaging_product":"whatsapp","details":"Recipient phone number not in allowed list: Add recipient phone number to recipient list and try again."},"fbtrace_id":"Abcseiavz5V8jkVaTwLXXTe"}}
[2026-02-04T07:01:17.599Z] Error sending message to 919876543221: {"error":{"message":"(#131030) Recipient phone number not in allowed list","type":"OAuthException","code":131030,"error_data":{"messaging_product":"whatsapp","details":"Recipient phone number not in allowed list: Add recipient phone number to recipient list and try again."},"fbtrace_id":"AULRJ_vX05YlsOBvIXTDwUZ"}}
[2026-02-04T07:01:17.938Z] Error sending message to 919876543222: {"error":{"message":"(#131030) Recipient phone number not in allowed list","type":"OAuthException","code":131030,"error_data":{"messaging_product":"whatsapp","details":"Recipient phone number not in allowed list: Add recipient phone number to recipient list and try again."},"fbtrace_id":"AGqnzEMf5bptOAmcsFAtUEL"}}
[2026-02-04T07:01:18.275Z] Error sending message to 919876543223: {"error":{"message":"(#131030) Recipient phone number not in allowed list","type":"OAuthException","code":131030,"error_data":{"messaging_product":"whatsapp","details":"Recipient phone number not in allowed list: Add recipient phone number to recipient list and try again."},"fbtrace_id":"AksK6cLWraYdpdzQulY_S6c"}}
[2026-02-04T07:01:18.602Z] Error sending message to 919876543224: {"error":{"message":"(#131030) Recipient phone number not in allowed list","type":"OAuthException","code":131030,"error_data":{"messaging_product":"whatsapp","details":"Recipient phone number not in allowed list: Add recipient phone number to recipient list and try again."},"fbtrace_id":"A5bVua9okbiqkzvzq16NVds"}}
[2026-02-04T07:01:18.926Z] Error sending message to 919876543225: {"error":{"message":"(#131030) Recipient phone number not in allowed list","type":"OAuthException","code":131030,"error_data":{"messaging_product":"whatsapp","details":"Recipient phone number not in allowed list: Add recipient phone number to recipient list and try again."},"fbtrace_id":"A1Q2I474lzS8YcvOyIrv9tn"}}
[2026-02-04T07:01:19.244Z] Error sending message to 919876543226: {"error":{"message":"(#131030) Recipient phone number not in allowed list","type":"OAuthException","code":131030,"error_data":{"messaging_product":"whatsapp","details":"Recipient phone number not in allowed list: Add recipient phone number to recipient list and try again."},"fbtrace_id":"ACCEcNq7w7zLpLBwja_jceQ"}}
[2026-02-04T07:01:19.771Z] Error sending message to 919876543227: {"error":{"message":"(#131030) Recipient phone number not in allowed list","type":"OAuthException","code":131030,"error_data":{"messaging_product":"whatsapp","details":"Recipient phone number not in allowed list: Add recipient phone number to recipient list and try again."},"fbtrace_id":"AclHGfFAb0yKtpPs3btdace"}}
[2026-02-04T07:01:20.778Z] Error sending message to 919876543228: {"error":{"message":"(#131030) Recipient phone number not in allowed list","type":"OAuthException","code":131030,"error_data":{"messaging_product":"whatsapp","details":"Recipient phone number not in allowed list: Add recipient phone number to recipient list and try again."},"fbtrace_id":"AQZ12zmCFUb_dxNFmcWwWJe"}}
[2026-02-04T07:01:21.102Z] Error sending message to 919876543229: {"error":{"message":"(#131030) Recipient phone number not in allowed list","type":"OAuthException","code":131030,"error_data":{"messaging_product":"whatsapp","details":"Recipient phone number not in allowed list: Add recipient phone number to recipient list and try again."},"fbtrace_id":"A0a9QHsOdPHj95_Sboh1R7G"}}
[2026-02-04T07:03:00.638Z] Incoming: 917010905730 | Body: VACATE | Image: false
[2026-02-04T07:03:00.653Z] Current CleanBody: VACATE
[2026-02-04T07:03:00.653Z] Smart Payment Check: 917010905730 | VACATE
[2026-02-04T07:03:03.002Z] Message sent successfully to 917010905730. Response ID: wamid.HBgMOTE3MDEwOTA1NzMwFQIAERgSMTk0NkY0NEM2REJFQTlCRDg0AA==
[2026-02-04T07:03:03.651Z] Message sent successfully to 918903162114. Response ID: wamid.HBgMOTE4OTAzMTYyMTE0FQIAERgSMEVCMjVCQ0RDQkU4NENGMjJGAA==
[2026-02-04T07:03:08.865Z] Incoming: 918903162114 | Body: Hi | Image: false
[2026-02-04T07:03:08.868Z] Current CleanBody: HI
[2026-02-04T07:03:08.870Z] Smart Payment Check: 918903162114 | Hi
[2026-02-04T07:03:10.882Z] Message sent successfully to 918903162114. Response ID: wamid.HBgMOTE4OTAzMTYyMTE0FQIAERgSMjkzQTIxRTlGQUFDMzA4MzYyAA==
[2026-02-04T07:03:35.914Z] Incoming: 918903162114 | Body: 3 | Image: false
[2026-02-04T07:03:35.915Z] Current CleanBody: 3
[2026-02-04T07:03:35.916Z] Smart Payment Check: 918903162114 | 3
[2026-02-04T07:03:37.828Z] Message sent successfully to 918903162114. Response ID: wamid.HBgMOTE4OTAzMTYyMTE0FQIAERgSNzQ0N0U0NEUzMUQ3OTIxMDE3AA==
[2026-02-04T07:12:15.472Z] Incoming: 917010905730 | Body: Hi | Image: false
[2026-02-04T07:12:15.485Z] Current CleanBody: HI
[2026-02-04T07:12:15.486Z] Smart Payment Check: 917010905730 | Hi
[2026-02-04T07:12:15.951Z] No tenant found for smart payment: 917010905730
[2026-02-04T07:12:20.488Z] Message sent successfully to 917010905730. Response ID: wamid.HBgMOTE3MDEwOTA1NzMwFQIAERgSMkYyQkYxMjAwNTEyOUExMDQwAA==
[2026-02-04T07:12:24.568Z] Incoming: 918903162114 | Body: VACATE | Image: false
[2026-02-04T07:12:24.570Z] Current CleanBody: VACATE
[2026-02-04T07:12:24.570Z] Smart Payment Check: 918903162114 | VACATE
[2026-02-04T07:12:26.353Z] Message sent successfully to 918903162114. Response ID: wamid.HBgMOTE4OTAzMTYyMTE0FQIAERgSOEM2MjkwNTRDNjE2MkNFNTU0AA==
[2026-02-04T07:12:26.994Z] Message sent successfully to 918903162114. Response ID: wamid.HBgMOTE4OTAzMTYyMTE0FQIAERgSN0Y3QjU2N0NGRTZBNzYzRkVCAA==
[2026-02-04T07:12:47.872Z] Incoming: 917010905730 | Body: JOIN | Image: false
[2026-02-04T07:12:47.873Z] Current CleanBody: JOIN
[2026-02-04T07:12:47.874Z] Smart Payment Check: 917010905730 | JOIN
[2026-02-04T07:12:48.415Z] No tenant found for smart payment: 917010905730
[2026-02-04T07:12:52.133Z] Message sent successfully to 917010905730. Response ID: wamid.HBgMOTE3MDEwOTA1NzMwFQIAERgSMTI2REY1OUUyRERBMDRGNjlCAA==
[2026-02-04T07:17:12.823Z] Incoming: 917010905730 | Body: Hi | Image: false
[2026-02-04T07:17:12.831Z] Current CleanBody: HI
[2026-02-04T07:17:12.833Z] Smart Payment Check: 917010905730 | Hi
[2026-02-04T07:17:14.736Z] No tenant found for smart payment: 917010905730
[2026-02-04T07:17:18.963Z] Message sent successfully to 917010905730. Response ID: wamid.HBgMOTE3MDEwOTA1NzMwFQIAERgSMDQ5QUYzQkREODMwRjQ0N0ExAA==
[2026-02-04T07:17:23.484Z] Incoming: 917010905730 | Body: Join | Image: false
[2026-02-04T07:17:23.486Z] Current CleanBody: JOIN
[2026-02-04T07:17:23.487Z] Smart Payment Check: 917010905730 | Join
[2026-02-04T07:17:24.012Z] No tenant found for smart payment: 917010905730
[2026-02-04T07:17:28.020Z] Message sent successfully to 917010905730. Response ID: wamid.HBgMOTE3MDEwOTA1NzMwFQIAERgSMTMyNzBBRjFGQjkxQjYzRkFEAA==
[2026-02-04T07:20:25.264Z] Incoming: 917010905730 | Body: Hi | Image: false
[2026-02-04T07:20:25.272Z] Current CleanBody: HI
[2026-02-04T07:20:25.272Z] Smart Payment Check: 917010905730 | Hi
[2026-02-04T07:20:27.102Z] No tenant found for smart payment: 917010905730
[2026-02-04T07:20:31.876Z] Message sent successfully to 917010905730. Response ID: wamid.HBgMOTE3MDEwOTA1NzMwFQIAERgSMDBBNjZCNDlFNTNFMTk4QUY1AA==
[2026-02-04T07:20:36.055Z] Incoming: 917010905730 | Body: Join | Image: false
[2026-02-04T07:20:36.056Z] Current CleanBody: JOIN
[2026-02-04T07:20:36.057Z] Smart Payment Check: 917010905730 | Join
[2026-02-04T07:20:36.675Z] No tenant found for smart payment: 917010905730
[2026-02-04T07:20:39.846Z] Message sent successfully to 917010905730. Response ID: wamid.HBgMOTE3MDEwOTA1NzMwFQIAERgSRjc2NjU4MTcwRkY4MjQ1QTcxAA==
[2026-02-04T07:30:25.389Z] Incoming: 917010905730 | Body: Hi | Image: false
[2026-02-04T07:30:25.403Z] Current CleanBody: HI
[2026-02-04T07:30:25.404Z] Smart Payment Check: 917010905730 | Hi
[2026-02-04T07:30:27.752Z] No tenant found for smart payment: 917010905730
[2026-02-04T07:30:33.487Z] Message sent successfully to 917010905730. Response ID: wamid.HBgMOTE3MDEwOTA1NzMwFQIAERgSM0I5M0M0MjAzQkYyMzZCMUI4AA==
[2026-02-04T07:30:38.898Z] Incoming: 917010905730 | Body: Join | Image: false
[2026-02-04T07:30:38.899Z] Current CleanBody: JOIN
[2026-02-04T07:30:38.900Z] Smart Payment Check: 917010905730 | Join
[2026-02-04T07:30:39.467Z] No tenant found for smart payment: 917010905730
[2026-02-04T07:30:43.379Z] Message sent successfully to 917010905730. Response ID: wamid.HBgMOTE3MDEwOTA1NzMwFQIAERgSNkFGRUM2NjcxOTNENjFBRDIzAA==
[2026-02-04T07:35:33.349Z] Incoming: 917010905730 | Body: Hi | Image: false
[2026-02-04T07:35:33.358Z] Current CleanBody: HI
[2026-02-04T07:35:33.358Z] Smart Payment Check: 917010905730 | Hi
[2026-02-04T07:35:35.924Z] No tenant found for smart payment: 917010905730
[2026-02-04T07:35:41.442Z] Message sent successfully to 917010905730. Response ID: wamid.HBgMOTE3MDEwOTA1NzMwFQIAERgSNUE2NURDOUMyRTUxQjY5RDNCAA==
[2026-02-04T07:35:47.720Z] Incoming: 917010905730 | Body: Join | Image: false
[2026-02-04T07:35:47.722Z] Current CleanBody: JOIN
[2026-02-04T07:35:47.722Z] Smart Payment Check: 917010905730 | Join
[2026-02-04T07:35:48.269Z] No tenant found for smart payment: 917010905730
[2026-02-04T07:35:52.258Z] Message sent successfully to 917010905730. Response ID: wamid.HBgMOTE3MDEwOTA1NzMwFQIAERgSRDJCRTRFMzdCOTA3MTVCQjJGAA==
[2026-02-04T07:42:49.304Z] Incoming: 917010905730 | Body: Hi | Image: false
[2026-02-04T07:42:49.596Z] Current CleanBody: HI
[2026-02-04T07:42:49.598Z] Smart Payment Check: 917010905730 | Hi
[2026-02-04T07:42:53.086Z] No tenant found for smart payment: 917010905730
[2026-02-04T07:42:57.569Z] Message sent successfully to 917010905730. Response ID: wamid.HBgMOTE3MDEwOTA1NzMwFQIAERgSMzMzQzhENUNBQkVDRDZCN0M5AA==
[2026-02-04T07:43:01.864Z] Incoming: 917010905730 | Body: Join | Image: false
[2026-02-04T07:43:01.866Z] Current CleanBody: JOIN
[2026-02-04T07:43:01.867Z] Smart Payment Check: 917010905730 | Join
[2026-02-04T07:43:02.516Z] No tenant found for smart payment: 917010905730
[2026-02-04T07:43:07.124Z] Message sent successfully to 917010905730. Response ID: wamid.HBgMOTE3MDEwOTA1NzMwFQIAERgSNDNFNDczQzA1MkREMzhCRkY2AA==
[2026-02-04T07:44:24.513Z] Message sent successfully to 917010905730. Response ID: wamid.HBgMOTE3MDEwOTA1NzMwFQIAERgSODM4QjgwREFGMDBEM0Y0NzhFAA==
[2026-02-04T07:44:25.305Z] Message sent successfully to 918903162114. Response ID: wamid.HBgMOTE4OTAzMTYyMTE0FQIAERgSNkJCQzk1NTg0RjY1OUY5NTMyAA==
[2026-02-04T08:03:37.161Z] Incoming: 918903162114 | Body: Hi | Image: false
[2026-02-04T08:03:37.213Z] Current CleanBody: HI
[2026-02-04T08:03:37.214Z] Smart Payment Check: 918903162114 | Hi
[2026-02-04T08:03:39.400Z] Message sent successfully to 918903162114. Response ID: wamid.HBgMOTE4OTAzMTYyMTE0FQIAERgSMzM5MTk5NzE2MEYyNTBGNkQzAA==
[2026-02-04T08:03:49.690Z] Incoming: 918903162114 | Body: 1 | Image: false
[2026-02-04T08:03:49.694Z] Current CleanBody: 1
[2026-02-04T08:03:49.694Z] Smart Payment Check: 918903162114 | 1
[2026-02-04T08:03:51.497Z] Message sent successfully to 918903162114. Response ID: wamid.HBgMOTE4OTAzMTYyMTE0FQIAERgSQjE4QTY4RUREQzBCNjlGODJBAA==
[2026-02-04T08:03:59.902Z] Incoming: 918903162114 | Body: Rent | Image: false
[2026-02-04T08:03:59.903Z] Current CleanBody: RENT
[2026-02-04T08:03:59.904Z] Smart Payment Check: 918903162114 | Rent
[2026-02-04T08:04:04.674Z] Message sent successfully to 918903162114. Response ID: wamid.HBgMOTE4OTAzMTYyMTE0FQIAERgSRjkwODhEQTUyN0JCMDEwNUIxAA==
[2026-02-04T08:04:06.327Z] Message sent successfully to 918903162114. Response ID: wamid.HBgMOTE4OTAzMTYyMTE0FQIAERgSQzE1MTk5M0EzMjk1MEI0RjIyAA==
[2026-02-04T08:05:18.355Z] Incoming: 918903162114 | Body:  | Image: true
[2026-02-04T08:05:18.356Z] Current CleanBody: 
[2026-02-04T08:05:18.359Z] Smart Payment Check: 918903162114 | 
[2026-02-04T08:05:19.999Z] Message sent successfully to 918903162114. Response ID: wamid.HBgMOTE4OTAzMTYyMTE0FQIAERgSOENFMEJBMUFFQ0Q3OTNGOTBBAA==
[2026-02-04T08:05:35.763Z] Incoming: 918903162114 | Body: I paid bill above screenshot | Image: false
[2026-02-04T08:05:35.764Z] Current CleanBody: I PAID BILL ABOVE SCREENSHOT
[2026-02-04T08:05:35.765Z] Smart Payment Check: 918903162114 | I paid bill above screenshot
[2026-02-04T08:05:38.925Z] Message sent successfully to 918903162114. Response ID: wamid.HBgMOTE4OTAzMTYyMTE0FQIAERgSQzZGMjlDOUU3NDc3N0MyOEY3AA==
[2026-02-04T08:05:39.560Z] Message sent successfully to 918903162114. Response ID: wamid.HBgMOTE4OTAzMTYyMTE0FQIAERgSQjJCNDkwMzI3NUVCMzNBMTRFAA==
[2026-02-04T08:27:38.877Z] Incoming: 918903162114 | Body: hi | Image: false
[2026-02-04T08:27:38.889Z] Current CleanBody: HI
[2026-02-04T08:27:38.891Z] Smart Payment Check: 918903162114 | hi
[2026-02-04T08:27:44.252Z] Incoming: 918903162114 | Body: hi | Image: false
[2026-02-04T08:27:44.253Z] Current CleanBody: HI
[2026-02-04T08:27:44.254Z] Smart Payment Check: 918903162114 | hi
[2026-02-04T08:27:46.938Z] Message sent successfully to 918903162114. Response ID: wamid.HBgMOTE4OTAzMTYyMTE0FQIAERgSNzczQTBGMTY1MUJBRUZFQzQ4AA==
[2026-02-04T08:27:47.641Z] Message sent successfully to 918903162114. Response ID: wamid.HBgMOTE4OTAzMTYyMTE0FQIAERgSMkFCOUUxMjc5NkEzMUQxNjYzAA==
[2026-02-04T08:28:33.509Z] Incoming: 918903162114 | Body: HISTORY | Image: false
[2026-02-04T08:28:33.520Z] Current CleanBody: HISTORY
[2026-02-04T08:28:33.520Z] Smart Payment Check: 918903162114 | HISTORY
[2026-02-04T08:28:36.041Z] Message sent successfully to 918903162114. Response ID: wamid.HBgMOTE4OTAzMTYyMTE0FQIAERgSMjE5QTE5QUY4MzY5NDFFRjVGAA==
[2026-02-04T08:29:08.789Z] Incoming: 918903162114 | Body: rule | Image: false
[2026-02-04T08:29:08.790Z] Current CleanBody: RULE
[2026-02-04T08:29:08.791Z] Smart Payment Check: 918903162114 | rule
[2026-02-04T08:29:10.615Z] Message sent successfully to 918903162114. Response ID: wamid.HBgMOTE4OTAzMTYyMTE0FQIAERgSM0JFODZEMUUxOENFRUVBQjk5AA==
[2026-02-04T08:31:33.902Z] Message sent successfully to 918106811285. Response ID: wamid.HBgMOTE4MTA2ODExMjg1FQIAERgSNkZCOTM5Njg5Q0ZEMTE3MkVCAA==
[2026-02-04T08:34:02.419Z] Message sent successfully to 918106811285. Response ID: wamid.HBgMOTE4MTA2ODExMjg1FQIAERgSNzY2MjA3ODk0RDQ0NDI4QUEyAA==
[2026-02-04T09:48:42.476Z] Message sent successfully to 918903162114. Response ID: wamid.HBgMOTE4OTAzMTYyMTE0FQIAERgSMTc1OUYzQ0IxNjZEQTRFQTY5AA==
[2026-02-04T09:49:16.749Z] Message sent successfully to 918903162114. Response ID: wamid.HBgMOTE4OTAzMTYyMTE0FQIAERgSNTY1RUIwNDM3NTc3MEE5RUY3AA==
[2026-02-04T10:44:26.169Z] Message sent successfully to 918106811285. Response ID: wamid.HBgMOTE4MTA2ODExMjg1FQIAERgSNTgwMThEN0Y4N0IxQTE2RTlDAA==
[2026-02-04T11:12:18.808Z] Incoming: 917010905730 | Body: VACATE | Image: false
[2026-02-04T11:12:18.839Z] Current CleanBody: VACATE
[2026-02-04T11:12:18.842Z] Smart Payment Check: 917010905730 | VACATE
[2026-02-04T11:12:21.071Z] Message sent successfully to 917010905730. Response ID: wamid.HBgMOTE3MDEwOTA1NzMwFQIAERgSMjkwNzIyMzQyNkVGNDU5QTlCAA==
[2026-02-04T11:12:22.097Z] Message sent successfully to 918903162114. Response ID: wamid.HBgMOTE4OTAzMTYyMTE0FQIAERgSREU2RDNFOTVEM0ZBRTc2NDQwAA==
[2026-02-04T11:12:48.741Z] Incoming: 917010905730 | Body: Hi | Image: false
[2026-02-04T11:12:48.744Z] Current CleanBody: HI
[2026-02-04T11:12:48.745Z] Smart Payment Check: 917010905730 | Hi
[2026-02-04T11:12:49.258Z] No tenant found for smart payment: 917010905730
[2026-02-04T11:12:53.861Z] Message sent successfully to 917010905730. Response ID: wamid.HBgMOTE3MDEwOTA1NzMwFQIAERgSMUJDRTUzQzhEQ0QyN0Q2MUY2AA==
[2026-02-04T11:12:59.780Z] Incoming: 917010905730 | Body: Join | Image: false
[2026-02-04T11:12:59.783Z] Current CleanBody: JOIN
[2026-02-04T11:12:59.785Z] Smart Payment Check: 917010905730 | Join
[2026-02-04T11:13:00.342Z] No tenant found for smart payment: 917010905730
[2026-02-04T11:13:05.413Z] Message sent successfully to 917010905730. Response ID: wamid.HBgMOTE3MDEwOTA1NzMwFQIAERgSQjlGMDgzMTM1MUQwRDQ3MkZDAA==
[2026-02-04T11:14:10.104Z] Error sending message to 917823923071: {"error":{"message":"(#131030) Recipient phone number not in allowed list","type":"OAuthException","code":131030,"error_data":{"messaging_product":"whatsapp","details":"Recipient phone number not in allowed list: Add recipient phone number to recipient list and try again."},"fbtrace_id":"Ar9kqaq-TQlHZV_BQ5WYeGs"}}
[2026-02-04T11:14:10.655Z] Message sent successfully to 918903162114. Response ID: wamid.HBgMOTE4OTAzMTYyMTE0FQIAERgSQzZDQzE4NkNCM0I3MjA1MTFFAA==
[2026-02-04T11:40:29.371Z] Incoming: 917010905730 | Body: Hi | Image: false
[2026-02-04T11:40:29.424Z] Current CleanBody: HI
[2026-02-04T11:40:29.425Z] Smart Payment Check: 917010905730 | Hi
[2026-02-04T11:40:30.123Z] No tenant found for smart payment: 917010905730
[2026-02-04T11:40:35.053Z] Message sent successfully to 917010905730. Response ID: wamid.HBgMOTE3MDEwOTA1NzMwFQIAERgSNDFBNTQ1NzY1QUM3MDA2RjUwAA==
